C251 COMPILER V5.60.0,  my_function                                                        01/04/26  15:39:55  PAGE 1   


C251 COMPILER V5.60.0, COMPILATION OF MODULE my_function
OBJECT MODULE PLACED IN .\out_file\my_function.obj
COMPILER INVOKED BY: D:\app_for_shuitong\keil\C251\BIN\C251.EXE my_function.c LARGE NOALIAS WARNINGLEVEL(3) OPTIMIZE(0,S
                    -IZE) BROWSE INCDIR(..\..\libraries\zf_common;..\..\libraries\zf_components;..\..\libraries\zf_device;..\..\libraries\zf_
                    -driver;..\user;..\code) DEBUG PRINT(.\out_file\my_function.lst) TABS(2) OBJECT(.\out_file\my_function.obj) 

stmt  level    source

    1          #include "zf_common_headfile.h"
    2          #include "zf_common_typedef.h"
    3          #include "my_function.h"
    4          
    5          
    6          
    7          void PID_update(PID_t *p)
    8          {
    9   1        p->Error1 = p->Error0;
   10   1        p->Error0 = p->target - p->actual;
   11   1        
   12   1        if(p->Ki!=0){
   13   2          p->ErrorInt += p->Error0;
   14   2        }
   15   1        else{
   16   2          p->ErrorInt = 0;
   17   2        }
   18   1        p->out =  p->Kp*p->Error0 + p->Ki*p->ErrorInt + p->Kp*(p->Error0 - p->Error1);
   19   1        
   20   1        if(p->out > p->OutMax) {p->out = p->OutMax;}
   21   1        if(p->out < p->OutMin) {p->out = p->OutMin;}
   22   1      }
   23          
   24          void irq_init()
   25          {
   26   1        tim0_irq_handler=PID_calculate;
   27   1      }
   28          
   29          
   30          
   31          


Module Information          Static   Overlayable
------------------------------------------------
  code size            =       606     ------
  ecode size           =    ------     ------
  data size            =    ------     ------
  idata size           =    ------     ------
  pdata size           =    ------     ------
  xdata size           =         4     ------
  xdata-const size     =    ------     ------
  edata size           =    ------     ------
  bit size             =    ------     ------
  ebit size            =    ------     ------
  bitaddressable size  =    ------     ------
  ebitaddressable size =    ------     ------
  far data size        =    ------     ------
  huge data size       =    ------     ------
  const size           =    ------     ------
  hconst size          =    ------     ------
End of Module Information.


C251 COMPILATION COMPLETE.  0 WARNING(S),  0 ERROR(S)
