C251 COMPILER V5.60.0,  path                                                               09/06/26  21:58:49  PAGE 1   


C251 COMPILER V5.60.0, COMPILATION OF MODULE path
OBJECT MODULE PLACED IN .\out_file\path.obj
COMPILER INVOKED BY: D:\keil\C251\BIN\C251.EXE path.c LARGE NOALIAS WARNINGLEVEL(3) OPTIMIZE(0,SIZE) BROWSE INCDIR(..\..
                    -\libraries\zf_common;..\..\libraries\zf_components;..\..\libraries\zf_device;..\..\libraries\zf_driver;..\user;..\code) 
                    -DEBUG PRINT(.\out_file\path.lst) OBJECT(.\out_file\path.obj) 

stmt  level    source

    1          #include "path.h"
    2          #include "sensor.h"
    3          #include "error.h"
    4          
    5          path_state_enum current_path_type = PATH_NORMAL;
    6          round_state_enum round_step = ROUND_NONE;
    7          
    8          static uint16 path_exit_timer = 0; 
    9          static uint16 path_mid_timer = 0;
   10          static uint16 round_cooldown = 0; // 出环冷却计数器，防二次误触
   11          static uint16 path_timer = 0;
   12          extern float angle_z;
   13          uint16 L1_raw = 0, L2_raw = 0, L3_raw = 0, L4_raw = 0;
   14          
   15          void Path_Reset(void) {
   16   1          current_path_type = PATH_NORMAL;
   17   1          round_step = ROUND_NONE;
   18   1          path_exit_timer = 0;
   19   1          round_cooldown = 60; // 出环后免疫 300ms，确保以 1.7m/s 远离环岛区域
   20   1      }
   21          
   22          void Path_Identify(void) {
   23   1          extern float L1_norm, L2_norm, L3_norm, L4_norm;
   24   1          extern int8 round_direction;
   25   1              extern float true_gyro_z;
   26   1              extern float true_gyro_x;
   27   1              
   28   1          // 冷却时间递减
   29   1          if (round_cooldown > 0) {
   30   2              round_cooldown--;
   31   2          }
   32   1      
   33   1          // 状态分支 1：当前已经是十字模式，专心处理十字的退出
   34   1          if (current_path_type == PATH_CROSS) {
   35   2              path_timer++;
   36   2              if (path_timer > 60) {
   37   3                  current_path_type = PATH_NORMAL;
   38   3                  path_timer = 0; // 退出时清零
   39   3              }
   40   2          }
   41   1          
   42   1          // 状态分支 2：当前已经是环岛模式，专心走环岛内部状态机
   43   1          else if (current_path_type == PATH_ROUNDABOUT) {
   44   2              switch (round_step) {
   45   3                  case ROUND_FOUND:
   46   3                  case ROUND_DELAY:
   47   3                  case ROUND_IN:
   48   3                      break;
   49   3                      
   50   3                  case ROUND_MID:
   51   3                      // 【核心升级：角度死锁】
   52   3                      // 六边形环岛，没有转够230度，绝对不可能是出口！
   53   3                      
   54   3                      if (round_direction == 1) {
   55   4                          // 右环岛：右转角度是累加为正
   56   4                          if (angle_z > 230.0f && L1_norm > 80) { 
   57   5                              round_step = ROUND_OUT;
C251 COMPILER V5.60.0,  path                                                               09/06/26  21:58:49  PAGE 2   

   58   5                              angle_z = 0; // 找到出口瞬间，再次清零角度，给 ROUND_OUT 用！
   59   5                          }
   60   4                      } 
   61   3                      else if (round_direction == -1) {
   62   4                          // 左环岛：左转角度是累积为负
   63   4                          if (angle_z < -230.0f && L4_norm > 90) { 
   64   5                              round_step = ROUND_OUT;
   65   5                              angle_z = 0; 
   66   5                          }
   67   4                      }
   68   3                      break;
   69   3                      
   70   3                  case ROUND_OUT:
   71   3                      // 等待主函数根据出环角度重置
   72   3                      break;
   73   3                      }
   74   2          }
   75   1          
   76   1          // 状态分支 3：只有在普通巡线状态下，才允许捕捉并切入新路径！
   77   1          else {
   78   2              // 优先判断十字
   79   2              if (L2_norm > 90 && L3_norm > 90 ) {        
   80   3                  current_path_type = PATH_CROSS;
   81   3                              path_timer = 0; // 【关键】：进入十字瞬间，清零计时器！
   82   3                              angle_z = 0; // 【核心新增】：进十字瞬间，把角度清零！把它当指南针！
   83   3              } 
   84   2              // 必须在没有冷却的情况下，才允许捕捉环岛入口
   85   2              else if (round_cooldown == 0) {
   86   3                  
   87   3                  // 【右环岛高速大放水】
   88   3                  if (L1_norm > 70 && L4_norm > 90 && L3_norm > 40 && true_gyro_z > -400.0f && true_gyro_z <400
             -.0f && true_gyro_x > -500.0f && true_gyro_x < 500.0f) {
   89   4                      current_path_type = PATH_ROUNDABOUT;
   90   4                      round_step = ROUND_FOUND;
   91   4                      round_direction = 1;  // 右环岛
   92   4                  }
   93   3                  // 【左环岛同步升级】
   94   3                  else if (L1_norm > 90 && L4_norm > 60 && L2_norm > 40 && true_gyro_z > -400.0f && true_gyro_z
             - <400.0f  && true_gyro_x > -500.0f && true_gyro_x < 500.0f) {
   95   4                      current_path_type = PATH_ROUNDABOUT;
   96   4                      round_step = ROUND_FOUND;
   97   4                      round_direction = -1; // 左环岛
   98   4                  }
   99   3              }
  100   2          }
  101   1      }


Module Information          Static   Overlayable
------------------------------------------------
  code size            =       779     ------
  ecode size           =    ------     ------
  data size            =    ------     ------
  idata size           =    ------     ------
  pdata size           =    ------     ------
  xdata size           =        20     ------
  xdata-const size     =    ------     ------
  edata size           =    ------     ------
  bit size             =    ------     ------
  ebit size            =    ------     ------
  bitaddressable size  =    ------     ------
  ebitaddressable size =    ------     ------
  far data size        =    ------     ------
  huge data size       =    ------     ------
  const size           =    ------     ------
  hconst size          =        70     ------
End of Module Information.

C251 COMPILER V5.60.0,  path                                                               09/06/26  21:58:49  PAGE 3   


C251 COMPILATION COMPLETE.  0 WARNING(S),  0 ERROR(S)
