C251 COMPILER V5.60.0,  error                                                              25/02/26  13:17:02  PAGE 1   


C251 COMPILER V5.60.0, COMPILATION OF MODULE error
OBJECT MODULE PLACED IN .\out_file\error.obj
COMPILER INVOKED BY: D:\keil\C251\BIN\C251.EXE error.c LARGE NOALIAS WARNINGLEVEL(3) OPTIMIZE(0,SIZE) BROWSE INCDIR(..\.
                    -.\libraries\zf_common;..\..\libraries\zf_components;..\..\libraries\zf_device;..\..\libraries\zf_driver;..\user;..\code)
                    - DEBUG PRINT(.\out_file\error.lst) OBJECT(.\out_file\error.obj) 

stmt  level    source

    1          #include "error.h"
    2          
    3          // 传感器位置权重
    4          #define POS_L1  -3
    5          #define POS_L2  -1
    6          #define POS_L3   1
    7          #define POS_L4   3
    8          
    9          void Error_Init(void) {
   10   1          // 无需初始化
   11   1      }
   12          
   13          int Error_Calculate(int L1, int L2, int L3, int L4) {
   14   1          // 差比和算法：error = (Σ(值×位置)) / (Σ值)
   15   1          
   16   1          // 1. 计算加权和（分子）
   17   1          int weighted_sum = L1 * POS_L1 + L2 * POS_L2 + L3 * POS_L3 + L4 * POS_L4;
   18   1          
   19   1          // 2. 计算总和（分母）
   20   1          int total_value = L1 + L2 + L3 + L4;
   21   1          
   22   1          // 3. 防止除零
   23   1          if(total_value == 0) {
   24   2              return 0;
   25   2          }
   26   1          
   27   1          // 4. 计算差比和误差，并放大
   28   1          int error = weighted_sum * ERROR_SCALE_FACTOR / total_value;
*** ERROR C25 IN LINE 28 OF error.c: syntax error near 'int'
   29   1          
   30   1          // 5. 限幅
   31   1          if(error > ERROR_MAX) error = ERROR_MAX;
*** ERROR C25 IN LINE 31 OF error.c: syntax error near 'if'
*** ERROR C25 IN LINE 31 OF error.c: syntax error near '>'
*** ERROR C53 IN LINE 31 OF error.c: redefinition of 'error'
   32   1          if(error < ERROR_MIN) error = ERROR_MIN;
*** ERROR C25 IN LINE 32 OF error.c: syntax error near 'if'
*** ERROR C25 IN LINE 32 OF error.c: syntax error near '<'
*** ERROR C53 IN LINE 32 OF error.c: redefinition of 'error'
   33   1          
   34   1          return error;
*** ERROR C25 IN LINE 34 OF error.c: syntax error near 'return'
*** WARNING C34 IN LINE 34 OF error.c: 'error': missing declaration specifiers
*** ERROR C53 IN LINE 34 OF error.c: redefinition of 'error'
   35   1      }
*** ERROR C25 IN LINE 35 OF error.c: syntax error near '}'

C251 COMPILATION COMPLETE.  1 WARNING(S),  10 ERROR(S)
