C251 COMPILER V5.60.0,  filter                                                             16/03/26  19:27:08  PAGE 1   


C251 COMPILER V5.60.0, COMPILATION OF MODULE filter
OBJECT MODULE PLACED IN .\out_file\filter.obj
COMPILER INVOKED BY: D:\keil\C251\BIN\C251.EXE filter.c LARGE NOALIAS WARNINGLEVEL(3) OPTIMIZE(0,SIZE) BROWSE INCDIR(..\
                    -..\libraries\zf_common;..\..\libraries\zf_components;..\..\libraries\zf_device;..\..\libraries\zf_driver;..\user;..\code
                    -) DEBUG PRINT(.\out_file\filter.lst) OBJECT(.\out_file\filter.obj) 

stmt  level    source

    1          /*#include "filter.h"
    2          
    3          //==============================================================================
    4          // 全局变量
    5          //==============================================================================
    6          int L1_filt, L2_filt, L3_filt, L4_filt;
    7          static uint16 history[4][FILTER_WINDOW_SIZE];
    8          static uint8 index;
    9          
   10          //==============================================================================
   11          // 滤波初始化
   12          //==============================================================================
   13          void Filter_Init(void)
   14          {
   15              uint8 i, j;
   16              
   17              for(i = 0; i < 4; i++) {
   18                  for(j = 0; j < FILTER_WINDOW_SIZE; j++) {
   19                      history[i][j] = 0;
   20                  }
   21              }
   22              index = 0;
   23              L1_filt = L2_filt = L3_filt = L4_filt = 0;
   24          }
   25          
   26          //==============================================================================
   27          // 滑动平均滤波处理
   28          //==============================================================================
   29          void Filter_Process(void)
   30          {
   31              uint8 i;
   32              uint32 sum1, sum2, sum3, sum4;
   33              
   34              // 更新历史数据
   35              history[0][index] = L1_filt;
   36              history[1][index] = L2_filt;
   37              history[2][index] = L3_filt;
   38              history[3][index] = L4_filt;
   39              
   40              // 计算总和
   41              sum1 = sum2 = sum3 = sum4 = 0;
   42              for(i = 0; i < FILTER_WINDOW_SIZE; i++) {
   43                  sum1 += history[0][i];
   44                  sum2 += history[1][i];
   45                  sum3 += history[2][i];
   46                  sum4 += history[3][i];
   47              }
   48              
   49              // 计算平均值
   50              L1_filt = sum1 / FILTER_WINDOW_SIZE;
   51              L2_filt = sum2 / FILTER_WINDOW_SIZE;
   52              L3_filt = sum3 / FILTER_WINDOW_SIZE;
   53              L4_filt = sum4 / FILTER_WINDOW_SIZE;
   54              
   55              // 更新索引
   56              index = (index + 1) % FILTER_WINDOW_SIZE;
   57          }*/
C251 COMPILER V5.60.0,  filter                                                             16/03/26  19:27:08  PAGE 2   

*** WARNING C38 IN LINE 57 OF filter.c: empty translation unit


Module Information          Static   Overlayable
------------------------------------------------
  code size            =    ------     ------
  ecode size           =    ------     ------
  data size            =    ------     ------
  idata size           =    ------     ------
  pdata size           =    ------     ------
  xdata size           =    ------     ------
  xdata-const size     =    ------     ------
  edata size           =    ------     ------
  bit size             =    ------     ------
  ebit size            =    ------     ------
  bitaddressable size  =    ------     ------
  ebitaddressable size =    ------     ------
  far data size        =    ------     ------
  huge data size       =    ------     ------
  const size           =    ------     ------
  hconst size          =    ------     ------
End of Module Information.


C251 COMPILATION COMPLETE.  1 WARNING(S),  0 ERROR(S)
