C251 COMPILER V5.60.0,  main                                                               30/03/26  21:58:38  PAGE 1   


C251 COMPILER V5.60.0, COMPILATION OF MODULE main
OBJECT MODULE PLACED IN .\out_file\main.obj
COMPILER INVOKED BY: D:\keil\C251\BIN\C251.EXE main.c LARGE NOALIAS WARNINGLEVEL(3) OPTIMIZE(0,SIZE) BROWSE INCDIR(..\..
                    -\libraries\zf_common;..\..\libraries\zf_components;..\..\libraries\zf_device;..\..\libraries\zf_driver;..\user;..\code) 
                    -DEBUG PRINT(.\out_file\main.lst) OBJECT(.\out_file\main.obj) 

stmt  level    source

    1          #include "zf_common_headfile.h" 
    2          #include "config.h"
    3          #include "sensor.h"
    4          #include "path.h"
    5          #include "error.h"
    6          #
    7          
    8          // 全局变量
    9          float error_value = 0.0f;
   10          extern float L1_norm, L2_norm, L3_norm, L4_norm;           
   11          
   12          //-------------------------------------------------------------------------------------------------------
             -------------
   13          // 系统初始化
   14          //-------------------------------------------------------------------------------------------------------
             -------------
   15          void System_Init(void)
   16          {
   17   1          // 逐飞库必须的初始化
   18   1          clock_init(SYSTEM_CLOCK_30M);      // 系统时钟初始化为30MHz
   19   1          debug_init();                       // 调试串口初始化 - 占用 P31(TX) 和 P30(RX)UART引脚
   20   1          
   21   1          // 各模块初始化
   22   1          Sensor_Init();
   23   1          
   24   1          system_delay_ms(100);                // 使用逐飞库的延时函数
   25   1      }
   26          
   27          //-------------------------------------------------------------------------------------------------------
             -------------
   28          // 主函数
   29          //-------------------------------------------------------------------------------------------------------
             -------------
   30          void main(void)
   31          {
   32   1          
   33   1          System_Init();
   34   1          while(1)
   35   1          {
   36   2              // 读取传感器
   37   2                      Sensor_Read_Normalized();
   38   2                      Sensor_Monitor();
   39   2              
   40   2              // 计算误差
   41   2              error_value = Error_Calculate(L1_norm, L2_norm, L3_norm, L4_norm);
   42   2                      printf("the error is %.2f\r\n",error_value);
   43   2                      system_delay_ms(500);  // 使用逐飞库的延时函数
   44   2              }
   45   1      }
   46                  
   47                  // 执行控制
   48                  /*switch(action)
   49                  {
   50                      case ACTION_TRACKING:
   51                          // 正常循迹
   52                          left_speed = BASE_SPEED_NORMAL + error_value;
   53                          right_speed = BASE_SPEED_NORMAL - error_value;
C251 COMPILER V5.60.0,  main                                                               30/03/26  21:58:38  PAGE 2   

   54                          Motor_Control(left_speed, right_speed);
   55                          break;
   56                          
   57                      case ACTION_TRACKING_FAST:
   58                          // 快速循迹（如折线）
   59                          left_speed = BASE_SPEED_FAST + error_value * 2;
   60                          right_speed = BASE_SPEED_FAST - error_value * 2;
   61                          Motor_Control(left_speed, right_speed);
   62                          break;
   63                          
   64                      case ACTION_TURN_LEFT_HARD:
   65                          // 急左转（直角）
   66                          Motor_SetLeft(300);    // 30%占空比
   67                          Motor_SetRight(700);   // 70%占空比
   68                          break;
   69                          
   70                      case ACTION_TURN_RIGHT_HARD:
   71                          // 急右转（直角）
   72                          Motor_SetLeft(700);
   73                          Motor_SetRight(300);
   74                          break;
   75                          
   76                      case ACTION_TURN_LEFT_SMOOTH:
   77                          // 平滑左转（圆形弯）
   78                          Motor_SetLeft(400);
   79                          Motor_SetRight(600);
   80                          break;
   81                          
   82                      case ACTION_TURN_RIGHT_SMOOTH:
   83                          // 平滑右转（圆形弯）
   84                          Motor_SetLeft(600);
   85                          Motor_SetRight(400);
   86                          break;
   87                          
   88                      case ACTION_ROUNDABOUT:
   89                          // 环岛模式
   90                          Motor_SetLeft(450);
   91                          Motor_SetRight(550);
   92                          break;
   93                          
   94                      default:
   95                          Motor_Stop();
   96                          break;
   97                  }*/
   98                  


Module Information          Static   Overlayable
------------------------------------------------
  code size            =       192     ------
  ecode size           =    ------     ------
  data size            =    ------     ------
  idata size           =    ------     ------
  pdata size           =    ------     ------
  xdata size           =         4     ------
  xdata-const size     =    ------     ------
  edata size           =    ------     ------
  bit size             =    ------     ------
  ebit size            =    ------     ------
  bitaddressable size  =    ------     ------
  ebitaddressable size =    ------     ------
  far data size        =    ------     ------
  huge data size       =    ------     ------
  const size           =    ------     ------
  hconst size          =        31     ------
End of Module Information.


C251 COMPILATION COMPLETE.  0 WARNING(S),  0 ERROR(S)
