C251 COMPILER V5.60.0,  motor                                                              17/03/26  20:34:37  PAGE 1   


C251 COMPILER V5.60.0, COMPILATION OF MODULE motor
OBJECT MODULE PLACED IN .\out_file\motor.obj
COMPILER INVOKED BY: D:\keil\C251\BIN\C251.EXE motor.c LARGE NOALIAS WARNINGLEVEL(3) OPTIMIZE(0,SIZE) BROWSE INCDIR(..\.
                    -.\libraries\zf_common;..\..\libraries\zf_components;..\..\libraries\zf_device;..\..\libraries\zf_driver;..\user;..\code)
                    - DEBUG PRINT(.\out_file\motor.lst) OBJECT(.\out_file\motor.obj) 

stmt  level    source

    1          /*#include "motor.h"
    2          #include "zf_driver_gpio.h"
    3          #include "zf_driver_pwm.h"
    4          
    5          void Motor_Init(void)
    6          {
    7              // 方向引脚初始化 - gpio_init需要4个参数
    8              gpio_init(IO_P21, GPO, 1, GPO_PUSH_PULL);   // 左电机方向，初始高电平，推挽输出
    9              gpio_init(IO_P23, GPO, 1, GPO_PUSH_PULL);   // 右电机方向，初始高电平，推挽输出
   10              
   11              // PWM初始化 - 使用正确的PWM通道枚举
   12              // 左电机使用PWMA_CH1P_P20 (P20输出PWM)
   13              pwm_init(PWMA_CH1P_P20, 20000, 0);  // 20kHz，初始占空比0
   14              
   15              // 右电机使用PWMA_CH2P_P22 (P22输出PWM)
   16              pwm_init(PWMA_CH2P_P22, 20000, 0);  // 20kHz，初始占空比0
   17          }
   18          
   19          void Motor_SetLeft(int speed)
   20          {
   21              uint8 dir = 1;
   22              uint32 pwm_value;
   23              
   24              // 速度限幅 (PWM范围0-10000，因为PWM_DUTY_MAX=10000)
   25              if(speed > MOTOR_SPEED_MAX) speed = MOTOR_SPEED_MAX;
   26              if(speed < -MOTOR_SPEED_MAX) speed = -MOTOR_SPEED_MAX;
   27              
   28              // 方向处理
   29              if(speed >= 0) {
   30                  dir = 1;                        // 正转
   31                  // 将0-255的速度映射到0-10000
   32                  pwm_value = (uint32)speed * (PWM_DUTY_MAX / MOTOR_SPEED_MAX);
   33              } else {
   34                  dir = 0;                        // 反转
   35                  pwm_value = (uint32)(-speed) * (PWM_DUTY_MAX / MOTOR_SPEED_MAX);
   36              }
   37              
   38              gpio_set_level(IO_P21, dir);                 // 设置方向
   39              pwm_set_duty(PWMA_CH1P_P20, pwm_value);      // 设置PWM占空比
   40          }
   41          
   42          void Motor_SetRight(int speed)
   43          {
   44              uint8 dir = 1;
   45              uint32 pwm_value;
   46              
   47              if(speed > MOTOR_SPEED_MAX) speed = MOTOR_SPEED_MAX;
   48              if(speed < -MOTOR_SPEED_MAX) speed = -MOTOR_SPEED_MAX;
   49              
   50              if(speed >= 0) {
   51                  dir = 1;
   52                  pwm_value = (uint32)speed * (PWM_DUTY_MAX / MOTOR_SPEED_MAX);
   53              } else {
   54                  dir = 0;
   55                  pwm_value = (uint32)(-speed) * (PWM_DUTY_MAX / MOTOR_SPEED_MAX);
   56              }
   57              
C251 COMPILER V5.60.0,  motor                                                              17/03/26  20:34:37  PAGE 2   

   58              gpio_set_level(IO_P23, dir);                 // 设置方向
   59              pwm_set_duty(PWMA_CH2P_P22, pwm_value);      // 设置PWM占空比
   60          }
   61          
   62          void Motor_Control(int left_speed, int right_speed)
   63          {
   64              Motor_SetLeft(left_speed);
   65              Motor_SetRight(right_speed);
   66          }
   67          
   68          void Motor_Stop(void)
   69          {
   70              pwm_set_duty(PWMA_CH1P_P20, 0);
   71              pwm_set_duty(PWMA_CH2P_P22, 0);
   72              gpio_set_level(IO_P21, 1);
   73              gpio_set_level(IO_P23, 1);
   74          }*/
*** WARNING C38 IN LINE 74 OF motor.c: empty translation unit


Module Information          Static   Overlayable
------------------------------------------------
  code size            =    ------     ------
  ecode size           =    ------     ------
  data size            =    ------     ------
  idata size           =    ------     ------
  pdata size           =    ------     ------
  xdata size           =    ------     ------
  xdata-const size     =    ------     ------
  edata size           =    ------     ------
  bit size             =    ------     ------
  ebit size            =    ------     ------
  bitaddressable size  =    ------     ------
  ebitaddressable size =    ------     ------
  far data size        =    ------     ------
  huge data size       =    ------     ------
  const size           =    ------     ------
  hconst size          =    ------     ------
End of Module Information.


C251 COMPILATION COMPLETE.  1 WARNING(S),  0 ERROR(S)
