C251 COMPILER V5.60.0,  sensor                                                             01/03/26  18:13:43  PAGE 1   


C251 COMPILER V5.60.0, COMPILATION OF MODULE sensor
OBJECT MODULE PLACED IN .\out_file\sensor.obj
COMPILER INVOKED BY: D:\keil\C251\BIN\C251.EXE sensor.c LARGE NOALIAS WARNINGLEVEL(3) OPTIMIZE(0,SIZE) BROWSE INCDIR(..\
                    -..\libraries\zf_common;..\..\libraries\zf_components;..\..\libraries\zf_device;..\..\libraries\zf_driver;..\user;..\code
                    -) DEBUG PRINT(.\out_file\sensor.lst) OBJECT(.\out_file\sensor.obj) 

stmt  level    source

    1          #include "config.h"
    2          #include "zf_driver_adc.h"
    3          #include "zf_driver_delay.h"
    4          
    5          int L1, L2, L3, L4;
    6          
    7          void Sensor_Init(void)
    8          {
    9   1          // 使用正确的ADC通道枚举和分辨率
   10   1          adc_init(ADC_CH0_P10, ADC_12BIT);  // 初始化P10为ADC，12位分辨率
   11   1          adc_init(ADC_CH1_P11, ADC_12BIT);  // 初始化P11为ADC，12位分辨率
   12   1          adc_init(ADC_CH2_P12, ADC_12BIT);  // 初始化P12为ADC，12位分辨率
   13   1          adc_init(ADC_CH3_P13, ADC_12BIT);  // 初始化P13为ADC，12位分辨率
   14   1          
   15   1          system_delay_ms(10);
   16   1      }
   17          
   18          void Sensor_Read(void)
   19          {
   20   1          // 读取ADC值
   21   1          L1 = adc_convert(ADC_CH0_P10);
   22   1          L2 = adc_convert(ADC_CH1_P11);
   23   1          L3 = adc_convert(ADC_CH2_P12);
   24   1          L4 = adc_convert(ADC_CH3_P13);
   25   1      }


Module Information          Static   Overlayable
------------------------------------------------
  code size            =        93     ------
  ecode size           =    ------     ------
  data size            =    ------     ------
  idata size           =    ------     ------
  pdata size           =    ------     ------
  xdata size           =         8     ------
  xdata-const size     =    ------     ------
  edata size           =    ------     ------
  bit size             =    ------     ------
  ebit size            =    ------     ------
  bitaddressable size  =    ------     ------
  ebitaddressable size =    ------     ------
  far data size        =    ------     ------
  huge data size       =    ------     ------
  const size           =    ------     ------
  hconst size          =    ------     ------
End of Module Information.


C251 COMPILATION COMPLETE.  0 WARNING(S),  0 ERROR(S)
